[debug] [2026-03-11T23:05:15.808Z] ----------------------------------------------------------------------
[debug] [2026-03-11T23:05:15.811Z] Command:       C:\Program Files\nodejs\node.exe C:\Users\Ziyad Mohammed\AppData\Roaming\npm\node_modules\firebase-tools\lib\bin\firebase.js deploy --only functions
[debug] [2026-03-11T23:05:15.812Z] CLI Version:   14.20.0
[debug] [2026-03-11T23:05:15.812Z] Platform:      win32
[debug] [2026-03-11T23:05:15.812Z] Node Version:  v22.20.0
[debug] [2026-03-11T23:05:15.812Z] Time:          Thu Mar 12 2026 01:05:15 GMT+0200 (Eastern European Standard Time)
[debug] [2026-03-11T23:05:15.812Z] ----------------------------------------------------------------------
[debug] 
[debug] [2026-03-11T23:05:16.199Z] > command requires scopes: ["email","openid","https://www.googleapis.com/auth/cloudplatformprojects.readonly","https://www.googleapis.com/auth/firebase","https://www.googleapis.com/auth/cloud-platform"]
[debug] [2026-03-11T23:05:16.200Z] > authorizing via signed-in user (codoproworld@gmail.com)
[debug] [2026-03-11T23:05:16.200Z] [iam] checking project aio-erp-sys for permissions ["cloudfunctions.functions.create","cloudfunctions.functions.delete","cloudfunctions.functions.get","cloudfunctions.functions.list","cloudfunctions.functions.update","cloudfunctions.operations.get","firebase.projects.get"]
[debug] [2026-03-11T23:05:16.201Z] Checked if tokens are valid: true, expires at: 1773273852252
[debug] [2026-03-11T23:05:16.202Z] Checked if tokens are valid: true, expires at: 1773273852252
[debug] [2026-03-11T23:05:16.203Z] >>> [apiv2][query] POST https://cloudresourcemanager.googleapis.com/v1/projects/aio-erp-sys:testIamPermissions [none]
[debug] [2026-03-11T23:05:16.203Z] >>> [apiv2][(partial)header] POST https://cloudresourcemanager.googleapis.com/v1/projects/aio-erp-sys:testIamPermissions x-goog-quota-user=projects/aio-erp-sys
[debug] [2026-03-11T23:05:16.203Z] >>> [apiv2][body] POST https://cloudresourcemanager.googleapis.com/v1/projects/aio-erp-sys:testIamPermissions {"permissions":["cloudfunctions.functions.create","cloudfunctions.functions.delete","cloudfunctions.functions.get","cloudfunctions.functions.list","cloudfunctions.functions.update","cloudfunctions.operations.get","firebase.projects.get"]}
[debug] [2026-03-11T23:05:20.906Z] <<< [apiv2][status] POST https://cloudresourcemanager.googleapis.com/v1/projects/aio-erp-sys:testIamPermissions 200
[debug] [2026-03-11T23:05:20.906Z] <<< [apiv2][body] POST https://cloudresourcemanager.googleapis.com/v1/projects/aio-erp-sys:testIamPermissions {"permissions":["cloudfunctions.functions.create","cloudfunctions.functions.delete","cloudfunctions.functions.get","cloudfunctions.functions.list","cloudfunctions.functions.update","cloudfunctions.operations.get","firebase.projects.get"]}
[debug] [2026-03-11T23:05:20.909Z] Checked if tokens are valid: true, expires at: 1773273852252
[debug] [2026-03-11T23:05:20.909Z] Checked if tokens are valid: true, expires at: 1773273852252
[debug] [2026-03-11T23:05:20.909Z] >>> [apiv2][query] POST https://iam.googleapis.com/v1/projects/aio-erp-sys/serviceAccounts/aio-erp-sys@appspot.gserviceaccount.com:testIamPermissions [none]
[debug] [2026-03-11T23:05:20.909Z] >>> [apiv2][body] POST https://iam.googleapis.com/v1/projects/aio-erp-sys/serviceAccounts/aio-erp-sys@appspot.gserviceaccount.com:testIamPermissions {"permissions":["iam.serviceAccounts.actAs"]}
[debug] [2026-03-11T23:05:21.722Z] <<< [apiv2][status] POST https://iam.googleapis.com/v1/projects/aio-erp-sys/serviceAccounts/aio-erp-sys@appspot.gserviceaccount.com:testIamPermissions 200
[debug] [2026-03-11T23:05:21.723Z] <<< [apiv2][body] POST https://iam.googleapis.com/v1/projects/aio-erp-sys/serviceAccounts/aio-erp-sys@appspot.gserviceaccount.com:testIamPermissions {"permissions":["iam.serviceAccounts.actAs"]}
[info] 
[info] === Deploying to 'aio-erp-sys'...
[info] 
[info] i  deploying functions 
[info] Running command: npm --prefix "$RESOURCE_DIR" run build
