#
# There is insufficient memory for the Java Runtime Environment to continue.
# Native memory allocation (malloc) failed to allocate 530008 bytes. Error detail: Chunk::new
# Possible reasons:
#   The system is out of physical RAM or swap space
#   This process is running with CompressedOops enabled, and the Java Heap may be blocking the growth of the native heap
# Possible solutions:
#   Reduce memory load on the system
#   Increase physical memory or swap space
#   Check if swap backing store is full
#   Decrease Java heap size (-Xmx/-Xms)
#   Decrease number of Java threads
#   Decrease Java thread stack sizes (-Xss)
#   Set larger code cache with -XX:ReservedCodeCacheSize=
#   JVM is running with Unscaled Compressed Oops mode in which the Java heap is
#     placed in the first 4GB address space. The Java Heap base address is the
#     maximum limit for the native heap growth. Please use -XX:HeapBaseMinAddress
#     to set the Java Heap base and to place the Java Heap above 4GB virtual address.
# This output file may be truncated or incomplete.
#
#  Out of Memory Error (arena.cpp:186), pid=14324, tid=15972
#
# JRE version: Java(TM) SE Runtime Environment (25.0.2+10) (build 25.0.2+10-LTS-69)
# Java VM: Java HotSpot(TM) 64-Bit Server VM (25.0.2+10-LTS-69, mixed mode, sharing, tiered, compressed oops, compressed class ptrs, g1 gc, windows-amd64)
# No core dump will be written. Minidumps are not enabled by default on client versions of Windows
#

---------------  S U M M A R Y ------------

Command Line: -Duser.language=en C:\Users\tito tech\.cache\firebase\emulators\firebase-database-emulator-v4.11.2.jar --host 127.0.0.1 --port 9000 --single_project_mode Warning --functions_emulator_host 127.0.0.1 --functions_emulator_port 5001

Host: AMD Ryzen 7 3700U with Radeon Vega Mobile Gfx  , 8 cores, 6G,  Windows 11 , 64 bit Build 26100 (10.0.26100.7920)
Time: Tue Mar 17 00:57:06 2026 Egypt Standard Time elapsed time: 1361.101453 seconds (0d 0h 22m 41s)

---------------  T H R E A D  ---------------

Current thread (0x000001e68f5a2060):  JavaThread "C2 CompilerThread0" daemon [_thread_in_native, id=15972, stack(0x000000dc7be00000,0x000000dc7bf00000) (1024K)]


Current CompileTask:
C2:1361101 2913       4       io.netty.util.concurrent.SingleThreadEventExecutor::pollTask (46 bytes)

Stack: [0x000000dc7be00000,0x000000dc7bf00000]
Native frames: (J=compiled Java code, j=interpreted, Vv=VM code, C=native code)
V  [jvm.dll+0x7a70f9]  (no source info available)
V  [jvm.dll+0x772d6d]  (no source info available)
V  [jvm.dll+0x965d53]  (no source info available)
V  [jvm.dll+0x968351]  (no source info available)
V  [jvm.dll+0x968a63]  (no source info available)
V  [jvm.dll+0x2fc846]  (no source info available)
V  [jvm.dll+0x111b16]  (no source info available)
V  [jvm.dll+0x111e3e]  (no source info available)
V  [jvm.dll+0x1a0872]  (no source info available)
V  [jvm.dll+0x3b54c2]  (no source info available)
V  [jvm.dll+0x7aca8f]  (no source info available)
V  [jvm.dll+0x2c0b97]  (no source info available)
V  [jvm.dll+0x2bfb5f]  (no source info available)
V  [jvm.dll+0x2379a0]  (no source info available)
V  [jvm.dll+0x2cfc86]  (no source info available)
V  [jvm.dll+0x2cdf05]  (no source info available)
V  [jvm.dll+0x48e9d1]  (no source info available)
V  [jvm.dll+0x906fcd]  (no source info available)
V  [jvm.dll+0x7a56d5]  (no source info available)
C  [ucrtbase.dll+0x37b0]  (no source info available)
C  [KERNEL32.DLL+0x2e8d7]  (no source info available)
C  [ntdll.dll+0x8c48c]  (no source info available)

Lock stack of current Java thread (top to bottom):


---------------  P R O C E S S  ---------------

Threads class SMR info:
_java_thread_list=0x000001e694500600, length=18, elements={
0x000001e6f0902d10, 0x000001e68f598660, 0x000001e68f5990c0, 0x000001e68f59de80,
0x000001e68f5838e0, 0x000001e68f582940, 0x000001e68f5840b0, 0x000001e68f5a2060,
0x000001e68f5c1f30, 0x000001e68f5ab070, 0x000001e68f5ab840, 0x000001e68f5ae720,
0x000001e694b22ce0, 0x000001e694bb1e10, 0x000001e694bb3580, 0x000001e694bb2db0,
0x000001e694bb54c0, 0x000001e694100250
}

Java Threads: ( => current thread )
  0x000001e6f0902d10 JavaThread "main"                              [_thread_blocked, id=4804, stack(0x000000dc7b000000,0x000000dc7b100000) (1024K)]
  0x000001e68f598660 JavaThread "Reference Handler"          daemon [_thread_blocked, id=25040, stack(0x000000dc7b800000,0x000000dc7b900000) (1024K)]
  0x000001e68f5990c0 JavaThread "Finalizer"                  daemon [_thread_blocked, id=22388, stack(0x000000dc7b900000,0x000000dc7ba00000) (1024K)]
  0x000001e68f59de80 JavaThread "Signal Dispatcher"          daemon [_thread_blocked, id=21400, stack(0x000000dc7ba00000,0x000000dc7bb00000) (1024K)]
  0x000001e68f5838e0 JavaThread "Attach Listener"            daemon [_thread_blocked, id=17000, stack(0x000000dc7bb00000,0x000000dc7bc00000) (1024K)]
  0x000001e68f582940 JavaThread "Service Thread"             daemon [_thread_blocked, id=18312, stack(0x000000dc7bc00000,0x000000dc7bd00000) (1024K)]
  0x000001e68f5840b0 JavaThread "Monitor Deflation Thread"   daemon [_thread_blocked, id=24176, stack(0x000000dc7bd00000,0x000000dc7be00000) (1024K)]
=>0x000001e68f5a2060 JavaThread "C2 CompilerThread0"         daemon [_thread_in_native, id=15972, stack(0x000000dc7be00000,0x000000dc7bf00000) (1024K)]
  0x000001e68f5c1f30 JavaThread "C1 CompilerThread0"         daemon [_thread_blocked, id=15748, stack(0x000000dc7bf00000,0x000000dc7c000000) (1024K)]
  0x000001e68f5ab070 JavaThread "Notification Thread"        daemon [_thread_blocked, id=20912, stack(0x000000dc7c000000,0x000000dc7c100000) (1024K)]
  0x000001e68f5ab840 JavaThread "Common-Cleaner"             daemon [_thread_blocked, id=10008, stack(0x000000dc7c100000,0x000000dc7c200000) (1024K)]
  0x000001e68f5ae720 JavaThread "NamespaceSystem-scheduler-1"        [_thread_blocked, id=8416, stack(0x000000dc7c200000,0x000000dc7c300000) (1024K)]
  0x000001e694b22ce0 JavaThread "TriggersWorkerPool-3-2"            [_thread_in_native, id=13988, stack(0x000000dc7cf00000,0x000000dc7d000000) (1024K)]
  0x000001e694bb1e10 JavaThread "pool-1-thread-1"                   [_thread_blocked, id=25452, stack(0x000000dc7d000000,0x000000dc7d100000) (1024K)]
  0x000001e694bb3580 JavaThread "NettyBossSocket-4-1"               [_thread_in_native, id=25328, stack(0x000000dc7d100000,0x000000dc7d200000) (1024K)]
  0x000001e694bb2db0 JavaThread "FirebaseWorkerPool-1-1"            [_thread_in_native, id=25124, stack(0x000000dc7d200000,0x000000dc7d300000) (1024K)]
  0x000001e694bb54c0 JavaThread "FirebaseWorkerPool-1-2"            [_thread_in_native, id=17444, stack(0x000000dc7d300000,0x000000dc7d400000) (1024K)]
  0x000001e694100250 JavaThread "TriggersWorkerPool-3-1"            [_thread_in_native, id=20120, stack(0x000000dc7ad00000,0x000000dc7ae00000) (1024K)]
Total: 18

Other Threads:
  0x000001e68f442200 VMThread "VM Thread"                           [id=25392, stack(0x000000dc7b700000,0x000000dc7b800000) (1024K)]
  0x000001e68f571590 WatcherThread "VM Periodic Task Thread"        [id=19816, stack(0x000000dc7b600000,0x000000dc7b700000) (1024K)]
  0x000001e6f2ccfd20 WorkerThread "GC Thread#0"                     [id=20424, stack(0x000000dc7b100000,0x000000dc7b200000) (1024K)]
  0x000001e68f441960 WorkerThread "GC Thread#1"                     [id=24200, stack(0x000000dc7c300000,0x000000dc7c400000) (1024K)]
  0x000001e68f442aa0 WorkerThread "GC Thread#2"                     [id=17460, stack(0x000000dc7c400000,0x000000dc7c500000) (1024K)]
  0x000001e68f443340 WorkerThread "GC Thread#3"                     [id=13376, stack(0x000000dc7c500000,0x000000dc7c600000) (1024K)]
  0x000001e68f442650 WorkerThread "GC Thread#4"                     [id=16168, stack(0x000000dc7c600000,0x000000dc7c700000) (1024K)]
  0x000001e68f443790 WorkerThread "GC Thread#5"                     [id=16876, stack(0x000000dc7c700000,0x000000dc7c800000) (1024K)]
  0x000001e68f442ef0 WorkerThread "GC Thread#6"                     [id=5604, stack(0x000000dc7c800000,0x000000dc7c900000) (1024K)]
  0x000001e694e62ac0 WorkerThread "GC Thread#7"                     [id=12140, stack(0x000000dc7cd00000,0x000000dc7ce00000) (1024K)]
  0x000001e6f2ce5af0 ConcurrentGCThread "G1 Main Marker"            [id=9148, stack(0x000000dc7b200000,0x000000dc7b300000) (1024K)]
  0x000001e6f2ce8470 WorkerThread "G1 Conc#0"                       [id=23220, stack(0x000000dc7b300000,0x000000dc7b400000) (1024K)]
  0x000001e694e648f0 WorkerThread "G1 Conc#1"                       [id=17392, stack(0x000000dc7ce00000,0x000000dc7cf00000) (1024K)]
  0x000001e6f2d31f90 ConcurrentGCThread "G1 Refine#0"               [id=17652, stack(0x000000dc7b400000,0x000000dc7b500000) (1024K)]
  0x000001e6f2d32ba0 ConcurrentGCThread "G1 Service"                [id=8304, stack(0x000000dc7b500000,0x000000dc7b600000) (1024K)]
Total: 15

Threads with active compile tasks:
C2 CompilerThread0  1361265 2913       4       io.netty.util.concurrent.SingleThreadEventExecutor::pollTask (46 bytes)
Total: 1

VM state: not at safepoint (normal execution)

VM Mutex/Monitor currently owned by a thread: None

Heap address: 0x0000000091000000, size: 1776 MB, Compressed Oops mode: 32-bit

CDS archive(s) mapped at: [0x0000000008000000-0x0000000008dd0000-0x0000000008dd0000), size 14483456, SharedBaseAddress: 0x0000000008000000, ArchiveRelocationMode: 1.
Compressed class space mapped at: 0x0000000009000000-0x0000000049000000, reserved size: 1073741824
UseCompressedClassPointers 1, UseCompactObjectHeaders 0
Narrow klass pointer bits 32, Max shift 3
Narrow klass base: 0x0000000008000000, Narrow klass shift: 0
Encoding Range: [0x0000000008000000 - 0x0000000108000000), (4294967296 bytes)
Klass Range:    [0x0000000008010000 - 0x0000000049000000), (1090453504 bytes)
Klass ID Range:  [65536 - 1090519033) (1090453497)
Protection zone: [0x0000000008000000 - 0x0000000008010000), (65536 bytes)

GC Precious Log:
 CardTable entry size: 512
 Card Set container configuration: InlinePtr #cards 5 size 8 Array Of Cards #cards 10 size 36 Howl #buckets 4 coarsen threshold 1843 Howl Bitmap #cards 512 size 80 coarsen threshold 460 Card regions per heap region 1 cards per card region 2048
 CPUs: 8 total, 8 available
 Memory: 7103M
 Large Page Support: Disabled
 NUMA Support: Disabled
 Compressed Oops: Enabled (32-bit)
 Heap Region Size: 1M
 Heap Min Capacity: 8M
 Heap Initial Capacity: 112M
 Heap Max Capacity: 1776M
 Pre-touch: Disabled
 Parallel Workers: 8
 Concurrent Workers: 2
 Concurrent Refinement Workers: 8
 Periodic GC: Disabled

Heap:
 garbage-first heap   total reserved 1818624K, committed 32768K, used 15261K [0x0000000091000000, 0x0000000100000000)
  region size 1024K, 8 young (8192K), 2 survivors (2048K)

Heap Regions: E=young(eden), S=young(survivor), O=old, HS=humongous(starts), HC=humongous(continues), CS=collection set, F=free, TAMS=top-at-mark-start, PB=parsable bottom
|   0|0x0000000091000000, 0x0000000091100000, 0x0000000091100000|100%|HS|  |TAMS 0x0000000091000000| PB 0x0000000091000000| Complete |  0
|   1|0x0000000091100000, 0x0000000091200000, 0x0000000091200000|100%|HC|  |TAMS 0x0000000091100000| PB 0x0000000091100000| Complete |  0
|   2|0x0000000091200000, 0x0000000091300000, 0x0000000091300000|100%| O|  |TAMS 0x0000000091200000| PB 0x0000000091200000| Untracked |  0
|   3|0x0000000091300000, 0x0000000091400000, 0x0000000091400000|100%| O|  |TAMS 0x0000000091300000| PB 0x0000000091300000| Untracked |  0
|   4|0x0000000091400000, 0x0000000091500000, 0x0000000091500000|100%| O|  |TAMS 0x0000000091400000| PB 0x0000000091400000| Untracked |  0
|   5|0x0000000091500000, 0x00000000915e5c80, 0x0000000091600000| 89%| O|  |TAMS 0x0000000091500000| PB 0x0000000091500000| Untracked |  0
|   6|0x0000000091600000, 0x0000000091700000, 0x0000000091700000|100%| O|  |TAMS 0x0000000091600000| PB 0x0000000091600000| Untracked |  0
|   7|0x0000000091700000, 0x00000000917aa000, 0x0000000091800000| 66%| O|  |TAMS 0x0000000091700000| PB 0x0000000091700000| Untracked |  0
|   8|0x0000000091800000, 0x0000000091800000, 0x0000000091900000|  0%| F|  |TAMS 0x0000000091800000| PB 0x0000000091800000| Untracked |  0
|   9|0x0000000091900000, 0x0000000091900000, 0x0000000091a00000|  0%| F|  |TAMS 0x0000000091900000| PB 0x0000000091900000| Untracked |  0
|  10|0x0000000091a00000, 0x0000000091a00000, 0x0000000091b00000|  0%| F|  |TAMS 0x0000000091a00000| PB 0x0000000091a00000| Untracked |  0
|  11|0x0000000091b00000, 0x0000000091b00000, 0x0000000091c00000|  0%| F|  |TAMS 0x0000000091b00000| PB 0x0000000091b00000| Untracked |  0
|  12|0x0000000091c00000, 0x0000000091c00000, 0x0000000091d00000|  0%| F|  |TAMS 0x0000000091c00000| PB 0x0000000091c00000| Untracked |  0
|  13|0x0000000091d00000, 0x0000000091d00000, 0x0000000091e00000|  0%| F|  |TAMS 0x0000000091d00000| PB 0x0000000091d00000| Untracked |  0
|  14|0x0000000091e00000, 0x0000000091e57a68, 0x0000000091f00000| 34%| S|CS|TAMS 0x0000000091e00000| PB 0x0000000091e00000| Complete |  0
|  15|0x0000000091f00000, 0x0000000092000000, 0x0000000092000000|100%| S|CS|TAMS 0x0000000091f00000| PB 0x0000000091f00000| Complete |  0
|  16|0x0000000092000000, 0x0000000092000000, 0x0000000092100000|  0%| F|  |TAMS 0x0000000092000000| PB 0x0000000092000000| Untracked |  0
|  17|0x0000000092100000, 0x0000000092100000, 0x0000000092200000|  0%| F|  |TAMS 0x0000000092100000| PB 0x0000000092100000| Untracked |  0
|  18|0x0000000092200000, 0x0000000092200000, 0x0000000092300000|  0%| F|  |TAMS 0x0000000092200000| PB 0x0000000092200000| Untracked |  0
|  19|0x0000000092300000, 0x0000000092300000, 0x0000000092400000|  0%| F|  |TAMS 0x0000000092300000| PB 0x0000000092300000| Untracked |  0
|  20|0x0000000092400000, 0x0000000092400000, 0x0000000092500000|  0%| F|  |TAMS 0x0000000092400000| PB 0x0000000092400000| Untracked |  0
|  21|0x0000000092500000, 0x0000000092500000, 0x0000000092600000|  0%| F|  |TAMS 0x0000000092500000| PB 0x0000000092500000| Untracked |  0
|  22|0x0000000092600000, 0x0000000092600000, 0x0000000092700000|  0%| F|  |TAMS 0x0000000092600000| PB 0x0000000092600000| Untracked |  0
|  23|0x0000000092700000, 0x0000000092700000, 0x0000000092800000|  0%| F|  |TAMS 0x0000000092700000| PB 0x0000000092700000| Untracked |  0
|  24|0x0000000092800000, 0x0000000092800000, 0x0000000092900000|  0%| F|  |TAMS 0x0000000092800000| PB 0x0000000092800000| Untracked |  0
|  25|0x0000000092900000, 0x00000000929a5600, 0x0000000092a00000| 64%| E|  |TAMS 0x0000000092900000| PB 0x0000000092900000| Complete |  0
|  26|0x0000000092a00000, 0x0000000092b00000, 0x0000000092b00000|100%| E|CS|TAMS 0x0000000092a00000| PB 0x0000000092a00000| Complete |  0
|  27|0x0000000092b00000, 0x0000000092c00000, 0x0000000092c00000|100%| E|CS|TAMS 0x0000000092b00000| PB 0x0000000092b00000| Complete |  0
| 100|0x0000000097400000, 0x0000000097500000, 0x0000000097500000|100%| E|CS|TAMS 0x0000000097400000| PB 0x0000000097400000| Complete |  0
| 111|0x0000000097f00000, 0x0000000098000000, 0x0000000098000000|100%| E|CS|TAMS 0x0000000097f00000| PB 0x0000000097f00000| Complete |  0
|1774|0x00000000ffe00000, 0x00000000fff00000, 0x00000000fff00000|100%| O|  |TAMS 0x00000000ffe00000| PB 0x00000000ffe00000| Untracked |  0
|1775|0x00000000fff00000, 0x0000000100000000, 0x0000000100000000|100%| E|CS|TAMS 0x00000000fff00000| PB 0x00000000fff00000| Complete |  0

Card table byte_map: [0x000001e6fbbd0000,0x000001e6fbf50000] _byte_map_base: 0x000001e6fb748000

Marking Bits: (CMBitMap*) 0x000001e6f2cd04b0
 Bits: [0x000001e6fbf50000, 0x000001e6fdb10000)

Polling page: 0x000001e6f2440000

Metaspace:
Metaspace        used 33352K, committed 33728K, reserved 1114112K
 class space     used 5028K, committed 5248K, reserved 1048576K

Usage:
  Non-class:     27.66 MB used.
      Class:      4.91 MB used.
       Both:     32.57 MB used.

Virtual space:
  Non-class space:       64.00 MB reserved,      27.81 MB ( 43%) committed,  1 nodes.
      Class space:        1.00 GB reserved,       5.12 MB ( <1%) committed,  1 nodes.
             Both:        1.06 GB reserved,      32.94 MB (  3%) committed. 

Chunk freelists:
   Non-Class:  4.00 MB
       Class:  10.93 MB
        Both:  14.93 MB

MaxMetaspaceSize: unlimited
CompressedClassSpaceSize: 1.00 GB
Initial GC threshold: 21.00 MB
Current GC threshold: 35.25 MB
CDS: on
 - commit_granule_bytes: 65536.
 - commit_granule_words: 8192.
 - virtual_space_node_default_size: 8388608.
 - enlarge_chunks_in_place: 1.
UseCompressedClassPointers 1, UseCompactObjectHeaders 0
Narrow klass pointer bits 32, Max shift 3
Narrow klass base: 0x0000000008000000, Narrow klass shift: 0
Encoding Range: [0x0000000008000000 - 0x0000000108000000), (4294967296 bytes)
Klass Range:    [0x0000000008010000 - 0x0000000049000000), (1090453504 bytes)
Klass ID Range:  [65536 - 1090519033) (1090453497)
Protection zone: [0x0000000008000000 - 0x0000000008010000), (65536 bytes)


Internal statistics:

num_allocs_failed_limit: 3.
num_arena_births: 336.
num_arena_deaths: 0.
num_vsnodes_births: 2.
num_vsnodes_deaths: 0.
num_space_committed: 527.
num_space_uncommitted: 0.
num_chunks_returned_to_freelist: 3.
num_chunks_taken_from_freelist: 1452.
num_chunk_merges: 3.
num_chunk_splits: 1118.
num_chunks_enlarged: 960.
num_inconsistent_stats: 0.

CodeHeap 'non-profiled nmethods': size=120064Kb used=984Kb max_used=984Kb free=119079Kb
 bounds [0x000001e687ac0000, 0x000001e687d30000, 0x000001e68f000000]
CodeHeap 'profiled nmethods': size=120000Kb used=4271Kb max_used=4271Kb free=115728Kb
 bounds [0x000001e680000000, 0x000001e680430000, 0x000001e687530000]
CodeHeap 'non-nmethods': size=5696Kb used=1542Kb max_used=1656Kb free=4153Kb
 bounds [0x000001e687530000, 0x000001e6877a0000, 0x000001e687ac0000]
CodeCache: size=245760Kb, used=6797Kb, max_used=6911Kb, free=238960Kb
 total_blobs=3571, nmethods=2912, adapters=561, full_count=0
Compilation: enabled, stopped_count=0, restarted_count=0

Compilation events (20 events):
Event: 1283.023 Thread 0x000001e68f5c1f30 nmethod 2902 0x000001e680425388 code [0x000001e680425480, 0x000001e680425798]
Event: 1288.022 Thread 0x000001e68f5c1f30 2903   !   3       java.util.concurrent.locks.AbstractQueuedSynchronizer::reacquire (64 bytes)
Event: 1288.024 Thread 0x000001e68f5c1f30 nmethod 2903 0x000001e680425808 code [0x000001e680425900, 0x000001e680425dd0]
Event: 1288.024 Thread 0x000001e68f5c1f30 2905       3       java.util.concurrent.locks.AbstractQueuedSynchronizer$ConditionObject::unlinkCancelledWaiters (91 bytes)
Event: 1288.025 Thread 0x000001e68f5c1f30 nmethod 2905 0x000001e680425e08 code [0x000001e680425f00, 0x000001e680426340]
Event: 1288.025 Thread 0x000001e68f5c1f30 2904       3       java.util.concurrent.locks.ReentrantLock$NonfairSync::tryAcquire (27 bytes)
Event: 1288.026 Thread 0x000001e68f5c1f30 nmethod 2904 0x000001e680426388 code [0x000001e680426480, 0x000001e680426860]
Event: 1288.026 Thread 0x000001e68f5c1f30 2906       3       java.util.concurrent.FutureTask::set (30 bytes)
Event: 1288.030 Thread 0x000001e68f5c1f30 nmethod 2906 0x000001e680426888 code [0x000001e680426980, 0x000001e680427b28]
Event: 1288.030 Thread 0x000001e68f5c1f30 2907       3       java.lang.invoke.VarHandleGuards::guard_LI_V (123 bytes)
Event: 1288.040 Thread 0x000001e68f5c1f30 nmethod 2907 0x000001e680427b88 code [0x000001e680427c80, 0x000001e68042a798]
Event: 1298.039 Thread 0x000001e68f5a2060 2909       4       java.lang.Object::equals (11 bytes)
Event: 1298.078 Thread 0x000001e68f5a2060 nmethod 2909 0x000001e687bb5888 code [0x000001e687bb5980, 0x000001e687bb5a00]
Event: 1304.812 Thread 0x000001e68f5c1f30 2910       3       akka.dispatch.AbstractNodeQueue::addNode (18 bytes)
Event: 1304.850 Thread 0x000001e68f5c1f30 nmethod 2910 0x000001e68042a808 code [0x000001e68042a900, 0x000001e68042ba08]
Event: 1309.932 Thread 0x000001e68f5c1f30 2911       3       akka.actor.LightArrayRevolverScheduler$TaskHolder::isCancelled (19 bytes)
Event: 1309.937 Thread 0x000001e68f5c1f30 nmethod 2911 0x000001e68042ba88 code [0x000001e68042bb80, 0x000001e68042bd08]
Event: 1350.413 Thread 0x000001e68f5a2060 2912       4       java.util.concurrent.atomic.AtomicBoolean::get (13 bytes)
Event: 1350.435 Thread 0x000001e68f5a2060 nmethod 2912 0x000001e687bb5b88 code [0x000001e687bb5c80, 0x000001e687bb5d00]
Event: 1352.440 Thread 0x000001e68f5a2060 2913       4       io.netty.util.concurrent.SingleThreadEventExecutor::pollTask (46 bytes)

GC Heap Usage History (10 events):
Event: 3.783 {heap Before GC invocations=0 (full 0):
 garbage-first heap   total reserved 1818624K, committed 116736K, used 51349K [0x0000000091000000, 0x0000000100000000)
  region size 1024K, 47 young (48128K), 0 survivors (0K)
}
Event: 3.793 {heap After GC invocations=1 (full 0):
 garbage-first heap   total reserved 1818624K, committed 116736K, used 7317K [0x0000000091000000, 0x0000000100000000)
  region size 1024K, 4 young (4096K), 4 survivors (4096K)
}
Event: 4.381 {heap Before GC invocations=1 (full 0):
 garbage-first heap   total reserved 1818624K, committed 116736K, used 17557K [0x0000000091000000, 0x0000000100000000)
  region size 1024K, 15 young (15360K), 4 survivors (4096K)
}
Event: 4.387 {heap After GC invocations=2 (full 0):
 garbage-first heap   total reserved 1818624K, committed 116736K, used 8044K [0x0000000091000000, 0x0000000100000000)
  region size 1024K, 1 young (1024K), 1 survivors (1024K)
}
Event: 46.951 {heap Before GC invocations=3 (full 0):
 garbage-first heap   total reserved 1818624K, committed 30720K, used 28524K [0x0000000091000000, 0x0000000100000000)
  region size 1024K, 22 young (22528K), 1 survivors (1024K)
}
Event: 46.959 {heap After GC invocations=4 (full 0):
 garbage-first heap   total reserved 1818624K, committed 32768K, used 8886K [0x0000000091000000, 0x0000000100000000)
  region size 1024K, 2 young (2048K), 2 survivors (2048K)
}
Event: 47.323 {heap Before GC invocations=4 (full 0):
 garbage-first heap   total reserved 1818624K, committed 32768K, used 22198K [0x0000000091000000, 0x0000000100000000)
  region size 1024K, 16 young (16384K), 2 survivors (2048K)
}
Event: 47.326 {heap After GC invocations=5 (full 0):
 garbage-first heap   total reserved 1818624K, committed 32768K, used 9358K [0x0000000091000000, 0x0000000100000000)
  region size 1024K, 1 young (1024K), 1 survivors (1024K)
}
Event: 193.806 {heap Before GC invocations=5 (full 0):
 garbage-first heap   total reserved 1818624K, committed 32768K, used 23694K [0x0000000091000000, 0x0000000100000000)
  region size 1024K, 16 young (16384K), 1 survivors (1024K)
}
Event: 193.827 {heap After GC invocations=6 (full 0):
 garbage-first heap   total reserved 1818624K, committed 32768K, used 10141K [0x0000000091000000, 0x0000000100000000)
  region size 1024K, 2 young (2048K), 2 survivors (2048K)
}

Metaspace Usage History (10 events):
Event: 3.783 {metaspace Before GC invocations=0 (full 0):
 Metaspace       used 18353K, committed 18496K, reserved 1114112K
  class space    used 2866K, committed 2944K, reserved 1048576K
}
Event: 3.793 {metaspace After GC invocations=1 (full 0):
 Metaspace       used 18353K, committed 18496K, reserved 1114112K
  class space    used 2866K, committed 2944K, reserved 1048576K
}
Event: 4.381 {metaspace Before GC invocations=1 (full 0):
 Metaspace       used 21340K, committed 21504K, reserved 1114112K
  class space    used 3363K, committed 3456K, reserved 1048576K
}
Event: 4.387 {metaspace After GC invocations=2 (full 0):
 Metaspace       used 21340K, committed 21504K, reserved 1114112K
  class space    used 3363K, committed 3456K, reserved 1048576K
}
Event: 46.951 {metaspace Before GC invocations=3 (full 0):
 Metaspace       used 27040K, committed 27264K, reserved 1114112K
  class space    used 4152K, committed 4288K, reserved 1048576K
}
Event: 46.959 {metaspace After GC invocations=4 (full 0):
 Metaspace       used 27040K, committed 27264K, reserved 1114112K
  class space    used 4152K, committed 4288K, reserved 1048576K
}
Event: 47.323 {metaspace Before GC invocations=4 (full 0):
 Metaspace       used 30192K, committed 30464K, reserved 1114112K
  class space    used 4521K, committed 4608K, reserved 1048576K
}
Event: 47.326 {metaspace After GC invocations=5 (full 0):
 Metaspace       used 30192K, committed 30464K, reserved 1114112K
  class space    used 4521K, committed 4608K, reserved 1048576K
}
Event: 193.806 {metaspace Before GC invocations=5 (full 0):
 Metaspace       used 33311K, committed 33728K, reserved 1114112K
  class space    used 5028K, committed 5248K, reserved 1048576K
}
Event: 193.827 {metaspace After GC invocations=6 (full 0):
 Metaspace       used 33311K, committed 33728K, reserved 1114112K
  class space    used 5028K, committed 5248K, reserved 1048576K
}

Dll operation events (10 events):
Event: 0.032 Loaded shared library C:\Program Files\Java\jdk-25.0.2\bin\java.dll
Event: 0.121 Loaded shared library C:\Program Files\Java\jdk-25.0.2\bin\net.dll
Event: 0.127 Loaded shared library C:\Program Files\Java\jdk-25.0.2\bin\nio.dll
Event: 0.176 Loaded shared library C:\Program Files\Java\jdk-25.0.2\bin\zip.dll
Event: 1.070 Loaded shared library C:\Program Files\Java\jdk-25.0.2\bin\verify.dll
Event: 1.092 Loaded shared library C:\Program Files\Java\jdk-25.0.2\bin\jimage.dll
Event: 1.677 Loaded shared library C:\Program Files\Java\jdk-25.0.2\bin\management.dll
Event: 1.690 Loaded shared library C:\Program Files\Java\jdk-25.0.2\bin\management_ext.dll
Event: 1.965 Loaded shared library C:\Program Files\Java\jdk-25.0.2\bin\sunmscapi.dll
Event: 2.147 Loaded shared library C:\Program Files\Java\jdk-25.0.2\bin\extnet.dll

Deoptimization events (20 events):
Event: 47.599 Thread 0x000001e6941011f0 Uncommon trap: trap_request=0xffffff45 fr.pc=0x000001e687b5c398 relative=0x0000000000000118
Event: 47.599 Thread 0x000001e6941011f0 Uncommon trap: reason=unstable_if action=reinterpret pc=0x000001e687b5c398 method=scala.collection.immutable.VectorBuilder.$plus$eq(Ljava/lang/Object;)Lscala/collection/immutable/VectorBuilder; @ 9 c2
Event: 47.599 Thread 0x000001e6941011f0 DEOPT PACKING pc=0x000001e687b5c398 sp=0x000000dc7d4fcbb0
Event: 47.599 Thread 0x000001e6941011f0 DEOPT UNPACKING pc=0x000001e68764e982 sp=0x000000dc7d4fcb50 mode 2
Event: 47.601 Thread 0x000001e6941011f0 Uncommon trap: trap_request=0xffffff45 fr.pc=0x000001e687b5c050 relative=0x00000000000000d0
Event: 47.601 Thread 0x000001e6941011f0 Uncommon trap: reason=unstable_if action=reinterpret pc=0x000001e687b5c050 method=scala.collection.immutable.VectorIterator.next()Ljava/lang/Object; @ 61 c2
Event: 47.601 Thread 0x000001e6941011f0 DEOPT PACKING pc=0x000001e687b5c050 sp=0x000000dc7d4fcba0
Event: 47.602 Thread 0x000001e6941011f0 DEOPT UNPACKING pc=0x000001e68764e982 sp=0x000000dc7d4fcb20 mode 2
Event: 47.602 Thread 0x000001e6941011f0 Uncommon trap: trap_request=0xffffff45 fr.pc=0x000001e687b5c718 relative=0x0000000000000118
Event: 47.602 Thread 0x000001e6941011f0 Uncommon trap: reason=unstable_if action=reinterpret pc=0x000001e687b5c718 method=scala.collection.immutable.VectorBuilder.$plus$eq(Ljava/lang/Object;)Lscala/collection/immutable/VectorBuilder; @ 9 c2
Event: 47.602 Thread 0x000001e6941011f0 DEOPT PACKING pc=0x000001e687b5c718 sp=0x000000dc7d4fcd40
Event: 47.602 Thread 0x000001e6941011f0 DEOPT UNPACKING pc=0x000001e68764e982 sp=0x000000dc7d4fcc78 mode 2
Event: 47.675 Thread 0x000001e694bb54c0 Uncommon trap: trap_request=0xffffff45 fr.pc=0x000001e687b045ac relative=0x0000000000000bac
Event: 47.675 Thread 0x000001e694bb54c0 Uncommon trap: reason=unstable_if action=reinterpret pc=0x000001e687b045ac method=java.util.concurrent.ConcurrentHashMap.transfer([Ljava/util/concurrent/ConcurrentHashMap$Node;[Ljava/util/concurrent/ConcurrentHashMap$Node;)V @ 352 c2
Event: 47.675 Thread 0x000001e694bb54c0 DEOPT PACKING pc=0x000001e687b045ac sp=0x000000dc7d3fbfb0
Event: 47.675 Thread 0x000001e694bb54c0 DEOPT UNPACKING pc=0x000001e68764e982 sp=0x000000dc7d3fbf08 mode 2
Event: 47.675 Thread 0x000001e694bb54c0 Uncommon trap: trap_request=0xffffff45 fr.pc=0x000001e687b78a90 relative=0x0000000000000b10
Event: 47.675 Thread 0x000001e694bb54c0 Uncommon trap: reason=unstable_if action=reinterpret pc=0x000001e687b78a90 method=java.util.concurrent.ConcurrentHashMap.putVal(Ljava/lang/Object;Ljava/lang/Object;Z)Ljava/lang/Object; @ 202 c2
Event: 47.675 Thread 0x000001e694bb54c0 DEOPT PACKING pc=0x000001e687b78a90 sp=0x000000dc7d3fcaa0
Event: 47.675 Thread 0x000001e694bb54c0 DEOPT UNPACKING pc=0x000001e68764e982 sp=0x000000dc7d3fca08 mode 2

Classes loaded (20 events):
Event: 47.166 Loading class java/util/regex/Pattern$Prolog
Event: 47.166 Loading class java/util/regex/Pattern$Prolog done
Event: 47.291 Loading class java/lang/CloneNotSupportedException
Event: 47.292 Loading class java/lang/CloneNotSupportedException done
Event: 47.493 Loading class java/util/DualPivotQuicksort
Event: 47.494 Loading class java/util/DualPivotQuicksort done
Event: 47.504 Loading class com/sun/management/internal/HotSpotThreadImpl
Event: 47.505 Loading class com/sun/management/ThreadMXBean
Event: 47.505 Loading class com/sun/management/ThreadMXBean done
Event: 47.505 Loading class sun/management/ThreadImpl
Event: 47.506 Loading class sun/management/ThreadImpl done
Event: 47.506 Loading class com/sun/management/internal/HotSpotThreadImpl done
Event: 47.664 Loading class java/io/DataOutputStream
Event: 47.664 Loading class java/io/DataOutputStream done
Event: 47.683 Loading class java/lang/annotation/ElementType
Event: 47.683 Loading class java/lang/annotation/ElementType done
Event: 47.698 Loading class jdk/internal/loader/BootLoader$PackageHelper
Event: 47.699 Loading class jdk/internal/loader/BootLoader$PackageHelper done
Event: 64.585 Loading class jdk/internal/reflect/MethodHandleIntegerFieldAccessorImpl
Event: 64.586 Loading class jdk/internal/reflect/MethodHandleIntegerFieldAccessorImpl done

Classes unloaded (0 events):
No events

Classes redefined (0 events):
No events

Internal exceptions (20 events):
Event: 47.244 Thread 0x000001e694bb6460 Exception <a 'java/lang/NoSuchMethodError'{0x00000000920b2cd0}: 'java.lang.Object java.lang.invoke.DirectMethodHandle$Holder.newInvokeSpecial(java.lang.Object, java.lang.Object, java.lang.Object, java.lang.Object, java.lang.Object, java.lang.Object, int)'> (0x00000000920b2cd0) 
thrown [s\open\src\hotspot\share\interpreter\linkResolver.cpp, line 804]
Event: 47.245 Thread 0x000001e694bb6460 Exception <a 'java/lang/NoSuchMethodError'{0x00000000920b79a8}: 'java.lang.Object java.lang.invoke.DirectMethodHandle$Holder.invokeSpecial(java.lang.Object, java.lang.Object, java.lang.Object, java.lang.Object, java.lang.Object, java.lang.Object, java.lang.Object, int)'> (0x00000000920b79a8) 
thrown [s\open\src\hotspot\share\interpreter\linkResolver.cpp, line 804]
Event: 47.245 Thread 0x000001e694bb6460 Exception <a 'java/lang/NoSuchMethodError'{0x00000000920c40b0}: 'java.lang.Object java.lang.invoke.Invokers$Holder.linkToTargetMethod(java.lang.Object, java.lang.Object, java.lang.Object, java.lang.Object, java.lang.Object, int, java.lang.Object)'> (0x00000000920c40b0) 
thrown [s\open\src\hotspot\share\interpreter\linkResolver.cpp, line 804]
Event: 47.259 Thread 0x000001e694bb6460 Exception <a 'java/lang/NoSuchMethodError'{0x0000000091f24fe8}: 'long java.lang.invoke.DirectMethodHandle$Holder.invokeStatic(java.lang.Object)'> (0x0000000091f24fe8) 
thrown [s\open\src\hotspot\share\interpreter\linkResolver.cpp, line 804]
Event: 47.429 Thread 0x000001e694bb6460 Exception <a 'java/lang/NoSuchMethodError'{0x0000000092b54810}: 'long java.lang.invoke.DirectMethodHandle$Holder.invokeStatic(java.lang.Object, java.lang.Object)'> (0x0000000092b54810) 
thrown [s\open\src\hotspot\share\interpreter\linkResolver.cpp, line 804]
Event: 47.461 Thread 0x000001e694bb6460 Exception <a 'java/lang/NoSuchMethodError'{0x0000000092a66b80}: 'java.lang.Object java.lang.invoke.DirectMethodHandle$Holder.newInvokeSpecial(java.lang.Object, java.lang.Object, java.lang.Object, long, long)'> (0x0000000092a66b80) 
thrown [s\open\src\hotspot\share\interpreter\linkResolver.cpp, line 804]
Event: 47.486 Thread 0x000001e6941011f0 Exception <a 'java/lang/NoSuchMethodError'{0x000000009294d3b8}: 'void java.lang.invoke.DirectMethodHandle$Holder.invokeStatic(java.lang.Object, java.lang.Object, java.lang.Object, java.lang.Object)'> (0x000000009294d3b8) 
thrown [s\open\src\hotspot\share\interpreter\linkResolver.cpp, line 804]
Event: 47.510 Thread 0x000001e694bb6460 Exception <a 'java/lang/NoSuchMethodError'{0x00000000929cae48}: 'int java.lang.invoke.DirectMethodHandle$Holder.invokeStaticInit(java.lang.Object, java.lang.Object)'> (0x00000000929cae48) 
thrown [s\open\src\hotspot\share\interpreter\linkResolver.cpp, line 804]
Event: 47.511 Thread 0x000001e694bb6460 Exception <a 'java/lang/NoSuchMethodError'{0x00000000929db858}: 'int java.lang.invoke.DirectMethodHandle$Holder.invokeStaticInit(java.lang.Object)'> (0x00000000929db858) 
thrown [s\open\src\hotspot\share\interpreter\linkResolver.cpp, line 804]
Event: 47.512 Thread 0x000001e694bb6460 Exception <a 'java/lang/NoSuchMethodError'{0x00000000929ecbc8}: 'void java.lang.invoke.DirectMethodHandle$Holder.invokeStatic(java.lang.Object, java.lang.Object, long)'> (0x00000000929ecbc8) 
thrown [s\open\src\hotspot\share\interpreter\linkResolver.cpp, line 804]
Event: 47.513 Thread 0x000001e694bb6460 Exception <a 'java/lang/NoSuchMethodError'{0x000000009284b0d8}: 'java.lang.Object java.lang.invoke.DirectMethodHandle$Holder.invokeStatic(java.lang.Object, java.lang.Object, long, java.lang.Object)'> (0x000000009284b0d8) 
thrown [s\open\src\hotspot\share\interpreter\linkResolver.cpp, line 804]
Event: 47.515 Thread 0x000001e694bb6460 Exception <a 'java/lang/NoSuchMethodError'{0x000000009286d628}: 'java.lang.Object java.lang.invoke.DirectMethodHandle$Holder.newInvokeSpecial(java.lang.Object, java.lang.Object, long)'> (0x000000009286d628) 
thrown [s\open\src\hotspot\share\interpreter\linkResolver.cpp, line 804]
Event: 47.515 Thread 0x000001e694bb6460 Exception <a 'java/lang/NoSuchMethodError'{0x0000000092875f80}: 'java.lang.Object java.lang.invoke.Invokers$Holder.linkToTargetMethod(java.lang.Object, long, java.lang.Object)'> (0x0000000092875f80) 
thrown [s\open\src\hotspot\share\interpreter\linkResolver.cpp, line 804]
Event: 47.537 Thread 0x000001e694b21d40 Exception <a 'java/lang/NoSuchMethodError'{0x000000009275a4d0}: 'java.lang.Object java.lang.invoke.DirectMethodHandle$Holder.newInvokeSpecial(java.lang.Object, java.lang.Object, java.lang.Object, java.lang.Object, java.lang.Object, java.lang.Object)'> (0x000000009275a4d0) 
thrown [s\open\src\hotspot\share\interpreter\linkResolver.cpp, line 804]
Event: 47.605 Thread 0x000001e6941011f0 Exception <a 'java/lang/NoSuchMethodError'{0x00000000925e7d10}: 'java.lang.Object java.lang.invoke.DirectMethodHandle$Holder.newInvokeSpecial(java.lang.Object, long, java.lang.Object)'> (0x00000000925e7d10) 
thrown [s\open\src\hotspot\share\interpreter\linkResolver.cpp, line 804]
Event: 47.606 Thread 0x000001e6941011f0 Exception <a 'java/lang/NoSuchMethodError'{0x00000000925f06a0}: 'java.lang.Object java.lang.invoke.DirectMethodHandle$Holder.invokeSpecial(java.lang.Object, java.lang.Object, long, java.lang.Object)'> (0x00000000925f06a0) 
thrown [s\open\src\hotspot\share\interpreter\linkResolver.cpp, line 804]
Event: 47.656 Thread 0x000001e694bb54c0 Exception <a 'java/lang/NoSuchMethodError'{0x00000000923dff80}: 'int java.lang.invoke.DirectMethodHandle$Holder.invokeStatic(java.lang.Object, java.lang.Object, java.lang.Object, java.lang.Object)'> (0x00000000923dff80) 
thrown [s\open\src\hotspot\share\interpreter\linkResolver.cpp, line 804]
Event: 64.588 Thread 0x000001e694100250 Exception <a 'java/lang/NoSuchMethodError'{0x0000000092002fb0}: 'void java.lang.invoke.DirectMethodHandle$Holder.invokeSpecial(java.lang.Object, java.lang.Object, java.lang.Object, int)'> (0x0000000092002fb0) 
thrown [s\open\src\hotspot\share\interpreter\linkResolver.cpp, line 804]
Event: 64.589 Thread 0x000001e694100250 Exception <a 'java/lang/NoSuchMethodError'{0x000000009200b058}: 'void java.lang.invoke.DelegatingMethodHandle$Holder.reinvoke_L(java.lang.Object, java.lang.Object, int)'> (0x000000009200b058) 
thrown [s\open\src\hotspot\share\interpreter\linkResolver.cpp, line 804]
Event: 64.590 Thread 0x000001e694100250 Exception <a 'java/lang/NoSuchMethodError'{0x000000009201b898}: 'int java.lang.invoke.Invokers$Holder.invokeExact_MT(java.lang.Object, java.lang.Object, java.lang.Object)'> (0x000000009201b898) 
thrown [s\open\src\hotspot\share\interpreter\linkResolver.cpp, line 804]

VM Operations (20 events):
Event: 47.469 Executing non-safepoint VM operation: HandshakeAllThreads (Deoptimize)
Event: 47.470 Executing non-safepoint VM operation: HandshakeAllThreads (Deoptimize) done
Event: 60.238 Executing non-safepoint VM operation: HandshakeAllThreads (HandshakeForDeflation)
Event: 60.238 Executing non-safepoint VM operation: HandshakeAllThreads (HandshakeForDeflation) done
Event: 60.238 Executing non-safepoint VM operation: RendezvousGCThreads
Event: 60.238 Executing non-safepoint VM operation: RendezvousGCThreads done
Event: 193.803 Executing safepoint VM operation: G1CollectForAllocation (G1 Evacuation Pause)
Event: 193.827 Executing safepoint VM operation: G1CollectForAllocation (G1 Evacuation Pause) done
Event: 421.031 Executing non-safepoint VM operation: HandshakeAllThreads (HandshakeForDeflation)
Event: 421.032 Executing non-safepoint VM operation: HandshakeAllThreads (HandshakeForDeflation) done
Event: 421.033 Executing non-safepoint VM operation: RendezvousGCThreads
Event: 421.033 Executing non-safepoint VM operation: RendezvousGCThreads done
Event: 781.225 Executing non-safepoint VM operation: HandshakeAllThreads (HandshakeForDeflation)
Event: 781.227 Executing non-safepoint VM operation: HandshakeAllThreads (HandshakeForDeflation) done
Event: 781.227 Executing non-safepoint VM operation: RendezvousGCThreads
Event: 781.227 Executing non-safepoint VM operation: RendezvousGCThreads done
Event: 1201.816 Executing non-safepoint VM operation: HandshakeAllThreads (HandshakeForDeflation)
Event: 1201.818 Executing non-safepoint VM operation: HandshakeAllThreads (HandshakeForDeflation) done
Event: 1201.818 Executing non-safepoint VM operation: RendezvousGCThreads
Event: 1201.819 Executing non-safepoint VM operation: RendezvousGCThreads done

Memory protections (0 events):
No events

Nmethod flushes (0 events):
No events

Events (20 events):
Event: 4.996 Thread 0x000001e6f0902d10 Thread added: 0x000001e694bb3580
Event: 5.070 Thread 0x000001e694bb3580 Thread added: 0x000001e694bb2db0
Event: 46.461 Thread 0x000001e694bb3580 Thread added: 0x000001e694bb54c0
Event: 46.832 Thread 0x000001e68f5a2060 Thread added: 0x000001e694653370
Event: 47.026 Thread 0x000001e694b21570 Thread added: 0x000001e694bb6460
Event: 47.191 Thread 0x000001e68f5c1f30 Thread added: 0x000001e6946563d0
Event: 47.376 Thread 0x000001e6946563d0 Thread exited: 0x000001e6946563d0
Event: 47.392 Thread 0x000001e694653370 Thread exited: 0x000001e694653370
Event: 47.482 Thread 0x000001e694bb6460 Thread added: 0x000001e6941011f0
Event: 47.499 Thread 0x000001e68f5c1f30 Thread added: 0x000001e694655bc0
Event: 48.225 Thread 0x000001e694655bc0 Thread exited: 0x000001e694655bc0
Event: 49.555 Thread 0x000001e6941011f0 Thread exited: 0x000001e6941011f0
Event: 64.584 Thread 0x000001e694b22ce0 Thread added: 0x000001e694100250
Event: 67.454 Thread 0x000001e694bb6460 Thread added: 0x000001e6941011f0
Event: 68.481 Thread 0x000001e6941011f0 Thread exited: 0x000001e6941011f0
Event: 107.027 Thread 0x000001e694b21570 Thread exited: 0x000001e694b21570
Event: 107.062 Thread 0x000001e694b20da0 Thread exited: 0x000001e694b20da0
Event: 107.092 Thread 0x000001e694b1ee60 Thread exited: 0x000001e694b1ee60
Event: 127.487 Thread 0x000001e694bb6460 Thread exited: 0x000001e694bb6460
Event: 127.517 Thread 0x000001e694b21d40 Thread exited: 0x000001e694b21d40


Dynamic libraries:
0x00007ff7d40e0000 - 0x00007ff7d40f0000 	C:\Program Files\Java\jdk-25.0.2\bin\java.exe
0x00007ffa024e0000 - 0x00007ffa02747000 	C:\WINDOWS\SYSTEM32\ntdll.dll
0x00007ffa00c20000 - 0x00007ffa00ce9000 	C:\WINDOWS\System32\KERNEL32.DLL
0x00007ff9fee50000 - 0x00007ff9ff241000 	C:\WINDOWS\System32\KERNELBASE.dll
0x00007ff9ff250000 - 0x00007ff9ff39b000 	C:\WINDOWS\System32\ucrtbase.dll
0x00007ff9f5e60000 - 0x00007ff9f5e77000 	C:\Program Files\Java\jdk-25.0.2\bin\jli.dll
0x00007ffa019f0000 - 0x00007ffa01bb5000 	C:\WINDOWS\System32\USER32.dll
0x00007ff9ff930000 - 0x00007ff9ff957000 	C:\WINDOWS\System32\win32u.dll
0x00007ffa01030000 - 0x00007ffa0105b000 	C:\WINDOWS\System32\GDI32.dll
0x00007ff9ff800000 - 0x00007ff9ff92b000 	C:\WINDOWS\System32\gdi32full.dll
0x00007ff9ff460000 - 0x00007ff9ff503000 	C:\WINDOWS\System32\msvcp_win.dll
0x00007ff9f6460000 - 0x00007ff9f647e000 	C:\Program Files\Java\jdk-25.0.2\bin\VCRUNTIME140.dll
0x00007ff9ece70000 - 0x00007ff9ed103000 	C:\WINDOWS\WinSxS\amd64_microsoft.windows.common-controls_6595b64144ccf1df_6.0.26100.8037_none_3e092faae333b53b\COMCTL32.dll
0x00007ffa00ae0000 - 0x00007ffa00b89000 	C:\WINDOWS\System32\msvcrt.dll
0x00007ffa00390000 - 0x00007ffa003c1000 	C:\WINDOWS\System32\IMM32.DLL
0x00007ff9fa290000 - 0x00007ff9fa29c000 	C:\Program Files\Java\jdk-25.0.2\bin\vcruntime140_1.dll
0x00007ff9cfc80000 - 0x00007ff9cfd0d000 	C:\Program Files\Java\jdk-25.0.2\bin\msvcp140.dll
0x00007ff983d80000 - 0x00007ff984bdf000 	C:\Program Files\Java\jdk-25.0.2\bin\server\jvm.dll
0x00007ffa00900000 - 0x00007ffa009bb000 	C:\WINDOWS\System32\ADVAPI32.dll
0x00007ffa00e90000 - 0x00007ffa00f37000 	C:\WINDOWS\System32\sechost.dll
0x00007ffa016e0000 - 0x00007ffa017f8000 	C:\WINDOWS\System32\RPCRT4.dll
0x00007ffa00780000 - 0x00007ffa007f4000 	C:\WINDOWS\System32\WS2_32.dll
0x00007ff9fec40000 - 0x00007ff9fec9e000 	C:\WINDOWS\SYSTEM32\POWRPROF.dll
0x00007ff9f8c40000 - 0x00007ff9f8c75000 	C:\WINDOWS\SYSTEM32\WINMM.dll
0x00007ff9f8c80000 - 0x00007ff9f8c8b000 	C:\WINDOWS\SYSTEM32\VERSION.dll
0x00007ff9fec20000 - 0x00007ff9fec34000 	C:\WINDOWS\SYSTEM32\UMPDC.dll
0x00007ff9fdb50000 - 0x00007ff9fdb6b000 	C:\WINDOWS\SYSTEM32\kernel.appcore.dll
0x00007ff9fa240000 - 0x00007ff9fa24a000 	C:\Program Files\Java\jdk-25.0.2\bin\jimage.dll
0x00007ff9fcfd0000 - 0x00007ff9fd212000 	C:\WINDOWS\SYSTEM32\DBGHELP.DLL
0x00007ffa003f0000 - 0x00007ffa00772000 	C:\WINDOWS\System32\combase.dll
0x00007ffa00f50000 - 0x00007ffa01027000 	C:\WINDOWS\System32\OLEAUT32.dll
0x00007ff9e4760000 - 0x00007ff9e479b000 	C:\WINDOWS\SYSTEM32\dbgcore.DLL
0x00007ff9ff960000 - 0x00007ff9ffa05000 	C:\WINDOWS\System32\bcryptPrimitives.dll
0x00007ff9f5d60000 - 0x00007ff9f5d7f000 	C:\Program Files\Java\jdk-25.0.2\bin\java.dll
0x00007ffa00cf0000 - 0x00007ffa00e85000 	C:\WINDOWS\System32\ole32.dll
0x00007ffa01bc0000 - 0x00007ffa0231f000 	C:\WINDOWS\System32\SHELL32.dll
0x00007ff9ff690000 - 0x00007ff9ff7fa000 	C:\WINDOWS\System32\wintypes.dll
0x00007ff9ffa10000 - 0x00007ffa00274000 	C:\WINDOWS\System32\windows.storage.dll
0x00007ffa00290000 - 0x00007ffa00387000 	C:\WINDOWS\System32\SHCORE.dll
0x00007ffa023b0000 - 0x00007ffa02417000 	C:\WINDOWS\System32\shlwapi.dll
0x00007ff9fece0000 - 0x00007ff9fed09000 	C:\WINDOWS\SYSTEM32\profapi.dll
0x00007ff9f5cf0000 - 0x00007ff9f5d02000 	C:\Program Files\Java\jdk-25.0.2\bin\net.dll
0x00007ff9fe0c0000 - 0x00007ff9fe12b000 	C:\WINDOWS\system32\mswsock.dll
0x00007ff9f5cd0000 - 0x00007ff9f5ce6000 	C:\Program Files\Java\jdk-25.0.2\bin\nio.dll
0x00007ff9f5a00000 - 0x00007ff9f5a17000 	C:\Program Files\Java\jdk-25.0.2\bin\zip.dll
0x00007ff9fa200000 - 0x00007ff9fa210000 	C:\Program Files\Java\jdk-25.0.2\bin\verify.dll
0x00007ff9f5b10000 - 0x00007ff9f5b1a000 	C:\Program Files\Java\jdk-25.0.2\bin\management.dll
0x00007ff9f59f0000 - 0x00007ff9f59fc000 	C:\Program Files\Java\jdk-25.0.2\bin\management_ext.dll
0x00007ffa00f40000 - 0x00007ffa00f48000 	C:\WINDOWS\System32\PSAPI.DLL
0x00007ff9fa1e0000 - 0x00007ff9fa1ee000 	C:\Program Files\Java\jdk-25.0.2\bin\sunmscapi.dll
0x00007ff9ff510000 - 0x00007ff9ff687000 	C:\WINDOWS\System32\CRYPT32.dll
0x00007ff9fe5c0000 - 0x00007ff9fe5f0000 	C:\WINDOWS\SYSTEM32\ncrypt.dll
0x00007ff9fe570000 - 0x00007ff9fe5af000 	C:\WINDOWS\SYSTEM32\NTASN1.dll
0x00007ff9ebcd0000 - 0x00007ff9ebcd8000 	C:\WINDOWS\system32\wshunix.dll
0x00007ff9fe3a0000 - 0x00007ff9fe3bb000 	C:\WINDOWS\SYSTEM32\CRYPTSP.dll
0x00007ff9fdab0000 - 0x00007ff9fdae9000 	C:\WINDOWS\system32\rsaenh.dll
0x00007ff9fe170000 - 0x00007ff9fe1a2000 	C:\WINDOWS\SYSTEM32\USERENV.dll
0x00007ff9fecb0000 - 0x00007ff9fecda000 	C:\WINDOWS\SYSTEM32\bcrypt.dll
0x00007ff9fe3c0000 - 0x00007ff9fe3cc000 	C:\WINDOWS\SYSTEM32\CRYPTBASE.dll
0x00007ff9fd560000 - 0x00007ff9fd593000 	C:\WINDOWS\SYSTEM32\IPHLPAPI.DLL
0x00007ffa01060000 - 0x00007ffa0106a000 	C:\WINDOWS\System32\NSI.dll
0x00007ff9f5d50000 - 0x00007ff9f5d59000 	C:\Program Files\Java\jdk-25.0.2\bin\extnet.dll

JVMTI agents: none

dbghelp: loaded successfully - version: 4.0.5 - missing functions: none
symbol engine: initialized successfully - sym options: 0x614 - pdb path: .;C:\Program Files\Java\jdk-25.0.2\bin;C:\WINDOWS\SYSTEM32;C:\WINDOWS\WinSxS\amd64_microsoft.windows.common-controls_6595b64144ccf1df_6.0.26100.8037_none_3e092faae333b53b;C:\Program Files\Java\jdk-25.0.2\bin\server

VM Arguments:
jvm_args: -Duser.language=en 
java_command: C:\Users\tito tech\.cache\firebase\emulators\firebase-database-emulator-v4.11.2.jar --host 127.0.0.1 --port 9000 --single_project_mode Warning --functions_emulator_host 127.0.0.1 --functions_emulator_port 5001
java_class_path (initial): C:\Users\tito tech\.cache\firebase\emulators\firebase-database-emulator-v4.11.2.jar
Launcher Type: SUN_STANDARD

[Global flags]
     intx CICompilerCount                          = 4                                         {product} {ergonomic}
     uint ConcGCThreads                            = 2                                         {product} {ergonomic}
     uint G1ConcRefinementThreads                  = 8                                         {product} {ergonomic}
   size_t G1HeapRegionSize                         = 1048576                                   {product} {ergonomic}
   size_t InitialHeapSize                          = 117440512                                 {product} {ergonomic}
   size_t MarkStackSize                            = 4194304                                   {product} {ergonomic}
   size_t MarkStackSizeMax                         = 536870912                                 {product} {ergonomic}
   size_t MaxHeapSize                              = 1862270976                                {product} {ergonomic}
   size_t MaxNewSize                               = 1116733440                                {product} {ergonomic}
   size_t MinHeapDeltaBytes                        = 1048576                                   {product} {ergonomic}
   size_t MinHeapSize                              = 8388608                                   {product} {ergonomic}
    uintx NonNMethodCodeHeapSize                   = 5832704                                {pd product} {ergonomic}
    uintx NonProfiledCodeHeapSize                  = 122945536                              {pd product} {ergonomic}
    uintx ProfiledCodeHeapSize                     = 122880000                              {pd product} {ergonomic}
    uintx ReservedCodeCacheSize                    = 251658240                              {pd product} {ergonomic}
     bool SegmentedCodeCache                       = true                                      {product} {ergonomic}
   size_t SoftMaxHeapSize                          = 1862270976                             {manageable} {ergonomic}
     bool UseCompressedOops                        = true                           {product lp64_product} {ergonomic}
     bool UseG1GC                                  = true                                      {product} {ergonomic}
     bool UseLargePagesIndividualAllocation        = false                                  {pd product} {ergonomic}

Logging:
Log output configuration:
 #0: stdout all=warning uptime,level,tags foldmultilines=false
 #1: stderr all=off uptime,level,tags foldmultilines=false

Release file:
IMPLEMENTOR="Oracle Corporation" 
JAVA_RUNTIME_VERSION="25.0.2+10-LTS-69" 
JAVA_VERSION="25.0.2" 
JAVA_VERSION_DATE="2026-01-20" 
LIBC="default" 
MODULES="java.base java.compiler java.datatransfer java.xml java.prefs java.desktop java.instrument java.logging java.management java.security.sasl java.naming java.rmi java.management.rmi java.net.http java.scripting java.security.jgss java.transaction.xa java.sql java.sql.rowset java.xml.crypto java.se java.smartcardio jdk.accessibility jdk.internal.jvmstat jdk.attach jdk.charsets jdk.internal.opt jdk.zipfs jdk.compiler jdk.crypto.cryptoki jdk.crypto.ec jdk.crypto.mscapi jdk.dynalink jdk.internal.ed jdk.editpad jdk.internal.vm.ci jdk.graal.compiler jdk.graal.compiler.management jdk.hotspot.agent jdk.httpserver jdk.incubator.vector jdk.internal.le jdk.internal.md jdk.jartool jdk.javadoc jdk.jcmd jdk.management jdk.management.agent jdk.jconsole jdk.jdeps jdk.jdwp.agent jdk.jdi jdk.jfr jdk.jlink jdk.jpackage jdk.jshell jdk.jsobject jdk.jstatd jdk.localedata jdk.management.jfr jdk.naming.dns jdk.naming.rmi jdk.net jdk.nio.mapmode jdk.sctp jdk.security.auth jdk.security.jgss jdk.unsupported jdk.unsupported.desktop jdk.xml.dom" 
OS_ARCH="x86_64" 
OS_NAME="Windows" 
SOURCE=".:git:b75efb40c93a open:git:405a5699ebd0" 

Environment Variables:
PATH=D:\hoop\AIO\aio\Aio-Functions\functions\node_modules\.bin;D:\hoop\AIO\aio\Aio-Functions\node_modules\.bin;D:\hoop\AIO\aio\node_modules\.bin;D:\hoop\AIO\node_modules\.bin;D:\hoop\node_modules\.bin;D:\node_modules\.bin;C:\Program Files\nodejs\node_modules\npm\node_modules\@npmcli\run-script\lib\node-gyp-bin;C:\Program Files\Common Files\Oracle\Java\javapath;C:\Program Files (x86)\Common Files\Oracle\Java\java8path;C:\Program Files (x86)\Common Files\Oracle\Java\javapath;C:\WINDOWS\system32;C:\WINDOWS;C:\WINDOWS\System32\Wbem;C:\WINDOWS\System32\WindowsPowerShell\v1.0\;C:\WINDOWS\System32\OpenSSH\;C:\Program Files\nodejs\;C:\Program Files\Git\cmd;C:\Program Files\Microsoft VS Code\bin;C:\Users\tito tech\AppData\Local\Microsoft\WindowsApps;C:\Users\tito tech\AppData\Roaming\npm;C:\Users\tito tech\AppData\Local\GitHubDesktop\bin
USERNAME=tito tech
OS=Windows_NT
PROCESSOR_IDENTIFIER=AMD64 Family 23 Model 24 Stepping 1, AuthenticAMD
TMP=C:\Users\TITOTE~1\AppData\Local\Temp
TEMP=C:\Users\TITOTE~1\AppData\Local\Temp




Compilation memory statistics disabled.

Periodic native trim disabled

---------------  S Y S T E M  ---------------

OS:
 Windows 11 , 64 bit Build 26100 (10.0.26100.7920)
OS uptime: 2 days 11:07 hours

CPU: total 8 (initial active 8) (8 cores per cpu, 2 threads per core) family 23 model 24 stepping 1 microcode 0x8108109, cx8, cmov, fxsr, ht, mmx, 3dnowpref, sse, sse2, sse3, ssse3, sse4a, sse4.1, sse4.2, popcnt, lzcnt, tsc, tscinvbit, avx, avx2, aes, clmul, bmi1, bmi2, adx, sha, fma, vzeroupper, clflush, clflushopt, rdtscp, f16c
Processor Information for the first 8 processors :
  Max Mhz: 2300, Current Mhz: 2300, Mhz Limit: 2300

Memory: 4k page, system-wide physical 7103M (1762M free)
TotalPageFile size 23974M (AvailPageFile size 266M)
current process WorkingSet (physical memory assigned to process): 14M, peak: 142M
current process commit charge ("private bytes"): 163M, peak: 241M

vm_info: Java HotSpot(TM) 64-Bit Server VM (25.0.2+10-LTS-69) for windows-amd64 JRE (25.0.2+10-LTS-69), built on 2025-12-18T11:36:35Z with MS VC++ 17.13 (VS2022)

END.
